Release 14.5 - xst P.58f (nt64)
Copyright (c) 1995-2012 Xilinx, Inc.  All rights reserved.
--> Parameter TMPDIR set to xst/projnav.tmp


Total REAL time to Xst completion: 0.00 secs
Total CPU time to Xst completion: 0.08 secs
 
--> Parameter xsthdpdir set to xst


Total REAL time to Xst completion: 0.00 secs
Total CPU time to Xst completion: 0.08 secs
 
--> Reading design: TrafficLight.prj

TABLE OF CONTENTS
  1) Synthesis Options Summary
  2) HDL Parsing
  3) HDL Elaboration
  4) HDL Synthesis
       4.1) HDL Synthesis Report
  5) Advanced HDL Synthesis
       5.1) Advanced HDL Synthesis Report
  6) Low Level Synthesis
  7) Partition Report
  8) Design Summary
       8.1) Primitive and Black Box Usage
       8.2) Device utilization summary
       8.3) Partition Resource Summary
       8.4) Timing Report
            8.4.1) Clock Information
            8.4.2) Asynchronous Control Signals Information
            8.4.3) Timing Summary
            8.4.4) Timing Details
            8.4.5) Cross Clock Domains Report


=========================================================================
*                      Synthesis Options Summary                        *
=========================================================================
---- Source Parameters
Input File Name                    : "TrafficLight.prj"
Ignore Synthesis Constraint File   : NO

---- Target Parameters
Output File Name                   : "TrafficLight"
Output Format                      : NGC
Target Device                      : xc6slx45-2-fgg676

---- Source Options
Top Module Name                    : TrafficLight
Automatic FSM Extraction           : YES
FSM Encoding Algorithm             : Auto
Safe Implementation                : No
FSM Style                          : LUT
RAM Extraction                     : Yes
RAM Style                          : Auto
ROM Extraction                     : Yes
Shift Register Extraction          : YES
ROM Style                          : Auto
Resource Sharing                   : YES
Asynchronous To Synchronous        : NO
Shift Register Minimum Size        : 2
Use DSP Block                      : Auto
Automatic Register Balancing       : No

---- Target Options
LUT Combining                      : Auto
Reduce Control Sets                : Auto
Add IO Buffers                     : YES
Global Maximum Fanout              : 100000
Add Generic Clock Buffer(BUFG)     : 16
Register Duplication               : YES
Optimize Instantiated Primitives   : NO
Use Clock Enable                   : Auto
Use Synchronous Set                : Auto
Use Synchronous Reset              : Auto
Pack IO Registers into IOBs        : Auto
Equivalent register Removal        : YES

---- General Options
Optimization Goal                  : Speed
Optimization Effort                : 1
Power Reduction                    : NO
Keep Hierarchy                     : No
Netlist Hierarchy                  : As_Optimized
RTL Output                         : Yes
Global Optimization                : AllClockNets
Read Cores                         : YES
Write Timing Constraints           : NO
Cross Clock Analysis               : NO
Hierarchy Separator                : /
Bus Delimiter                      : <>
Case Specifier                     : Maintain
Slice Utilization Ratio            : 100
BRAM Utilization Ratio             : 100
DSP48 Utilization Ratio            : 100
Auto BRAM Packing                  : NO
Slice Utilization Ratio Delta      : 5

=========================================================================


=========================================================================
*                          HDL Parsing                                  *
=========================================================================
Parsing VHDL file "F:\FinishedDE\TrafficLight\freqDivGen.vhd" into library work
Parsing entity <freqDivGen>.
INFO:HDLCompiler:1676 - "F:\FinishedDE\TrafficLight\freqDivGen.vhd" Line 38. declaration of a buffer port will make it difficult for you to validate this design by simulation. It is preferable to declare it as output
Parsing architecture <Behavioral> of entity <freqdivgen>.
Parsing VHDL file "F:\FinishedDE\TrafficLight\TrafficLight.vhd" into library work
Parsing entity <TrafficLight>.
Parsing architecture <Behavioral> of entity <trafficlight>.

=========================================================================
*                            HDL Elaboration                            *
=========================================================================

Elaborating entity <TrafficLight> (architecture <Behavioral>) from library <work>.

Elaborating entity <freqDivGen> (architecture <Behavioral>) with generics from library <work>.

=========================================================================
*                           HDL Synthesis                               *
=========================================================================

Synthesizing Unit <TrafficLight>.
    Related source file is "F:\FinishedDE\TrafficLight\TrafficLight.vhd".
    Found 2-bit register for signal <curr_state>.
    Found 4-bit register for signal <count>.
    Found finite state machine <FSM_0> for signal <curr_state>.
    -----------------------------------------------------------------------
    | States             | 4                                              |
    | Transitions        | 8                                              |
    | Inputs             | 1                                              |
    | Outputs            | 12                                             |
    | Clock              | cp_o (rising_edge)                             |
    | Power Up State     | red                                            |
    | Encoding           | auto                                           |
    | Implementation     | LUT                                            |
    -----------------------------------------------------------------------
    Found 4-bit adder for signal <count[3]_GND_5_o_add_0_OUT> created at line 58.
    Found 4-bit comparator equal for signal <curr_time[3]_count[3]_equal_2_o> created at line 59
    Summary:
	inferred   1 Adder/Subtractor(s).
	inferred   4 D-type flip-flop(s).
	inferred   1 Comparator(s).
	inferred   1 Finite State Machine(s).
Unit <TrafficLight> synthesized.

Synthesizing Unit <freqDivGen>.
    Related source file is "F:\FinishedDE\TrafficLight\freqDivGen.vhd".
        nfCLK = 24000000
    Found 1-bit register for signal <cp_o>.
    Found 24-bit register for signal <temp>.
    Found 24-bit adder for signal <temp[23]_GND_6_o_add_0_OUT> created at line 48.
    Found 24-bit comparator greater for signal <n0001> created at line 49
    Summary:
	inferred   1 Adder/Subtractor(s).
	inferred  25 D-type flip-flop(s).
	inferred   1 Comparator(s).
Unit <freqDivGen> synthesized.

=========================================================================
HDL Synthesis Report

Macro Statistics
# Adders/Subtractors                                   : 2
 24-bit adder                                          : 1
 4-bit adder                                           : 1
# Registers                                            : 3
 1-bit register                                        : 1
 24-bit register                                       : 1
 4-bit register                                        : 1
# Comparators                                          : 2
 24-bit comparator greater                             : 1
 4-bit comparator equal                                : 1
# FSMs                                                 : 1

=========================================================================

=========================================================================
*                       Advanced HDL Synthesis                          *
=========================================================================


Synthesizing (advanced) Unit <TrafficLight>.
The following registers are absorbed into counter <count>: 1 register on signal <count>.
Unit <TrafficLight> synthesized (advanced).

Synthesizing (advanced) Unit <freqDivGen>.
The following registers are absorbed into counter <temp>: 1 register on signal <temp>.
Unit <freqDivGen> synthesized (advanced).

=========================================================================
Advanced HDL Synthesis Report

Macro Statistics
# Adders/Subtractors                                   : 2
 24-bit adder                                          : 1
 4-bit adder                                           : 1
# Counters                                             : 2
 24-bit up counter                                     : 1
 4-bit up counter                                      : 1
# Registers                                            : 1
 Flip-Flops                                            : 1
# Comparators                                          : 2
 24-bit comparator greater                             : 1
 4-bit comparator equal                                : 1
# FSMs                                                 : 1

=========================================================================

=========================================================================
*                         Low Level Synthesis                           *
=========================================================================
Analyzing FSM <MFsm> for best encoding.
Optimizing FSM <FSM_0> on signal <curr_state[1:2]> with user encoding.
-----------------------------
 State           | Encoding
-----------------------------
 red             | 00
 yellow_to_green | 01
 green           | 10
 yellow_to_red   | 11
-----------------------------

Optimizing unit <TrafficLight> ...

Mapping all equations...
Building and optimizing final netlist ...
Found area constraint ratio of 100 (+ 5) on block TrafficLight, actual ratio is 0.

Final Macro Processing ...

=========================================================================
Final Register Report

Macro Statistics
# Registers                                            : 31
 Flip-Flops                                            : 31

=========================================================================

=========================================================================
*                           Partition Report                            *
=========================================================================

Partition Implementation Status
-------------------------------

  No Partitions were found in this design.

-------------------------------

=========================================================================
*                            Design Summary                             *
=========================================================================

Top Level Output File Name         : TrafficLight.ngc

Primitive and Black Box Usage:
------------------------------
# BELS                             : 178
#      GND                         : 1
#      INV                         : 4
#      LUT1                        : 46
#      LUT2                        : 29
#      LUT3                        : 3
#      LUT4                        : 1
#      LUT6                        : 7
#      MUXCY                       : 46
#      VCC                         : 1
#      XORCY                       : 40
# FlipFlops/Latches                : 31
#      FD                          : 26
#      FDE                         : 1
#      FDR                         : 4
# Clock Buffers                    : 1
#      BUFGP                       : 1
# IO Buffers                       : 9
#      OBUF                        : 9

Device utilization summary:
---------------------------

Selected Device : 6slx45fgg676-2 


Slice Logic Utilization: 
 Number of Slice Registers:              31  out of  54576     0%  
 Number of Slice LUTs:                   90  out of  27288     0%  
    Number used as Logic:                90  out of  27288     0%  

Slice Logic Distribution: 
 Number of LUT Flip Flop pairs used:     90
   Number with an unused Flip Flop:      59  out of     90    65%  
   Number with an unused LUT:             0  out of     90     0%  
   Number of fully used LUT-FF pairs:    31  out of     90    34%  
   Number of unique control sets:         4

IO Utilization: 
 Number of IOs:                          10
 Number of bonded IOBs:                  10  out of    358     2%  

Specific Feature Utilization:
 Number of BUFG/BUFGCTRL/BUFHCEs:         1  out of     16     6%  

---------------------------
Partition Resource Summary:
---------------------------

  No Partitions were found in this design.

---------------------------


=========================================================================
Timing Report

NOTE: THESE TIMING NUMBERS ARE ONLY A SYNTHESIS ESTIMATE.
      FOR ACCURATE TIMING INFORMATION PLEASE REFER TO THE TRACE REPORT
      GENERATED AFTER PLACE-and-ROUTE.

Clock Information:
------------------
-----------------------------------+--------------------------+-------+
Clock Signal                       | Clock buffer(FF name)    | Load  |
-----------------------------------+--------------------------+-------+
cp                                 | BUFGP                    | 25    |
A1/cp_o                            | NONE(curr_state_FSM_FFd2)| 6     |
-----------------------------------+--------------------------+-------+
INFO:Xst:2169 - HDL ADVISOR - Some clock signals were not automatically buffered by XST with BUFG/BUFR resources. Please use the buffer_type constraint in order to insert these buffers to the clock signals to help prevent skew problems.

Asynchronous Control Signals Information:
----------------------------------------
No asynchronous control signals found in this design

Timing Summary:
---------------
Speed Grade: -2

   Minimum period: 6.616ns (Maximum Frequency: 151.154MHz)
   Minimum input arrival time before clock: No path found
   Maximum output required time after clock: 5.317ns
   Maximum combinational path delay: No path found

Timing Details:
---------------
All values displayed in nanoseconds (ns)

=========================================================================
Timing constraint: Default period analysis for Clock 'cp'
  Clock period: 6.616ns (frequency: 151.154MHz)
  Total number of paths / destination ports: 6901 / 26
-------------------------------------------------------------------------
Delay:               6.616ns (Levels of Logic = 14)
  Source:            A1/temp_0 (FF)
  Destination:       A1/temp_0 (FF)
  Source Clock:      cp rising
  Destination Clock: cp rising

  Data Path: A1/temp_0 to A1/temp_0
                                Gate     Net
    Cell:in->out      fanout   Delay   Delay  Logical Name (Net Name)
    ----------------------------------------  ------------
     FD:C->Q               2   0.525   0.725  A1/temp_0 (A1/temp_0)
     INV:I->O              1   0.255   0.000  A1/Madd_temp[23]_GND_6_o_add_0_OUT_lut<0>_INV_0 (A1/Madd_temp[23]_GND_6_o_add_0_OUT_lut<0>)
     MUXCY:S->O            1   0.215   0.000  A1/Madd_temp[23]_GND_6_o_add_0_OUT_cy<0> (A1/Madd_temp[23]_GND_6_o_add_0_OUT_cy<0>)
     MUXCY:CI->O           1   0.023   0.000  A1/Madd_temp[23]_GND_6_o_add_0_OUT_cy<1> (A1/Madd_temp[23]_GND_6_o_add_0_OUT_cy<1>)
     MUXCY:CI->O           1   0.023   0.000  A1/Madd_temp[23]_GND_6_o_add_0_OUT_cy<2> (A1/Madd_temp[23]_GND_6_o_add_0_OUT_cy<2>)
     MUXCY:CI->O           1   0.023   0.000  A1/Madd_temp[23]_GND_6_o_add_0_OUT_cy<3> (A1/Madd_temp[23]_GND_6_o_add_0_OUT_cy<3>)
     MUXCY:CI->O           1   0.023   0.000  A1/Madd_temp[23]_GND_6_o_add_0_OUT_cy<4> (A1/Madd_temp[23]_GND_6_o_add_0_OUT_cy<4>)
     MUXCY:CI->O           1   0.023   0.000  A1/Madd_temp[23]_GND_6_o_add_0_OUT_cy<5> (A1/Madd_temp[23]_GND_6_o_add_0_OUT_cy<5>)
     MUXCY:CI->O           1   0.023   0.000  A1/Madd_temp[23]_GND_6_o_add_0_OUT_cy<6> (A1/Madd_temp[23]_GND_6_o_add_0_OUT_cy<6>)
     MUXCY:CI->O           1   0.023   0.000  A1/Madd_temp[23]_GND_6_o_add_0_OUT_cy<7> (A1/Madd_temp[23]_GND_6_o_add_0_OUT_cy<7>)
     XORCY:CI->O           1   0.206   0.910  A1/Madd_temp[23]_GND_6_o_add_0_OUT_xor<8> (A1/temp[23]_GND_6_o_add_0_OUT<8>)
     LUT3:I0->O            1   0.235   0.682  A1/n0001_inv2 (A1/n0001_inv2)
     LUT6:I5->O            3   0.254   0.766  A1/n0001_inv3 (A1/n0001_inv3)
     LUT6:I5->O           13   0.254   1.098  A1/n0001_inv5 (A1/n0001_inv)
     LUT2:I1->O            1   0.254   0.000  A1/temp_0_rstpot (A1/temp_0_rstpot)
     FD:D                      0.074          A1/temp_0
    ----------------------------------------
    Total                      6.616ns (2.435ns logic, 4.181ns route)
                                       (36.8% logic, 63.2% route)

=========================================================================
Timing constraint: Default period analysis for Clock 'A1/cp_o'
  Clock period: 3.347ns (frequency: 298.775MHz)
  Total number of paths / destination ports: 46 / 10
-------------------------------------------------------------------------
Delay:               3.347ns (Levels of Logic = 1)
  Source:            curr_state_FSM_FFd2 (FF)
  Destination:       count_0 (FF)
  Source Clock:      A1/cp_o rising
  Destination Clock: A1/cp_o rising

  Data Path: curr_state_FSM_FFd2 to count_0
                                Gate     Net
    Cell:in->out      fanout   Delay   Delay  Logical Name (Net Name)
    ----------------------------------------  ------------
     FD:C->Q               6   0.525   1.306  curr_state_FSM_FFd2 (curr_state_FSM_FFd2)
     LUT6:I1->O            4   0.254   0.803  curr_time[3]_count[3]_equal_2_o41 (curr_time[3]_count[3]_equal_2_o)
     FDR:R                     0.459          count_0
    ----------------------------------------
    Total                      3.347ns (1.238ns logic, 2.109ns route)
                                       (37.0% logic, 63.0% route)

=========================================================================
Timing constraint: Default OFFSET OUT AFTER for Clock 'A1/cp_o'
  Total number of paths / destination ports: 6 / 4
-------------------------------------------------------------------------
Offset:              5.317ns (Levels of Logic = 2)
  Source:            curr_state_FSM_FFd1 (FF)
  Destination:       izlaz<8> (PAD)
  Source Clock:      A1/cp_o rising

  Data Path: curr_state_FSM_FFd1 to izlaz<8>
                                Gate     Net
    Cell:in->out      fanout   Delay   Delay  Logical Name (Net Name)
    ----------------------------------------  ------------
     FD:C->Q               5   0.525   0.949  curr_state_FSM_FFd1 (curr_state_FSM_FFd1)
     LUT2:I0->O            1   0.250   0.681  izlaz<1>1 (izlaz_1_OBUF)
     OBUF:I->O                 2.912          izlaz_1_OBUF (izlaz<1>)
    ----------------------------------------
    Total                      5.317ns (3.687ns logic, 1.630ns route)
                                       (69.3% logic, 30.7% route)

=========================================================================

Cross Clock Domains Report:
--------------------------

Clock to Setup on destination clock A1/cp_o
---------------+---------+---------+---------+---------+
               | Src:Rise| Src:Fall| Src:Rise| Src:Fall|
Source Clock   |Dest:Rise|Dest:Rise|Dest:Fall|Dest:Fall|
---------------+---------+---------+---------+---------+
A1/cp_o        |    3.347|         |         |         |
---------------+---------+---------+---------+---------+

Clock to Setup on destination clock cp
---------------+---------+---------+---------+---------+
               | Src:Rise| Src:Fall| Src:Rise| Src:Fall|
Source Clock   |Dest:Rise|Dest:Rise|Dest:Fall|Dest:Fall|
---------------+---------+---------+---------+---------+
cp             |    6.616|         |         |         |
---------------+---------+---------+---------+---------+

=========================================================================


Total REAL time to Xst completion: 5.00 secs
Total CPU time to Xst completion: 5.56 secs
 
--> 

Total memory usage is 4484384 kilobytes

Number of errors   :    0 (   0 filtered)
Number of warnings :    0 (   0 filtered)
Number of infos    :    1 (   0 filtered)

